08-09-2020:20:01:19 DEBUG    [logger_utils.py:23] This is a debug log
08-09-2020:20:01:19 INFO     [logger_utils.py:24] This is an info log
08-09-2020:20:01:19 CRITICAL [logger_utils.py:25] This is critical
08-09-2020:20:01:19 ERROR    [logger_utils.py:26] An error occurred
08-09-2020:20:01:21 DEBUG    [logger_utils.py:23] This is a debug log
08-09-2020:20:01:21 INFO     [logger_utils.py:24] This is an info log
08-09-2020:20:01:21 CRITICAL [logger_utils.py:25] This is critical
08-09-2020:20:01:21 ERROR    [logger_utils.py:26] An error occurred
08-09-2020:22:40:32 DEBUG    [logger_utils.py:26] This is a debug log
08-09-2020:22:40:32 INFO     [logger_utils.py:27] This is an info log
08-09-2020:22:40:32 CRITICAL [logger_utils.py:28] This is critical
08-09-2020:22:40:32 ERROR    [logger_utils.py:29] An error occurred
